2026-06-01 13:04:35,122 - utils - data_frame_work - DEBUG - Делей раз - главный датафрейм курсового проекта -             Дата операции  ... Сумма операции с округлением
0     31.12.2021 16:44:00  ...                       160.89
1     31.12.2021 16:42:04  ...                        64.00
2     31.12.2021 16:39:04  ...                       118.12
3     31.12.2021 15:44:39  ...                        78.05
4     31.12.2021 01:23:42  ...                       564.00
...                   ...  ...                          ...
6700  04.01.2018 14:05:08  ...                      1065.90
6701  03.01.2018 15:03:35  ...                        73.06
6702  03.01.2018 14:55:21  ...                        21.00
6703  01.01.2018 20:27:51  ...                       316.00
6704  01.01.2018 12:49:53  ...                      3000.00

[6705 rows x 15 columns]
2026-06-01 14:57:37,303 - utils - data_frame_work - DEBUG - Делей раз - главный датафрейм курсового проекта -             Дата операции  ... Сумма операции с округлением
0     31.12.2021 16:44:00  ...                       160.89
1     31.12.2021 16:42:04  ...                        64.00
2     31.12.2021 16:39:04  ...                       118.12
3     31.12.2021 15:44:39  ...                        78.05
4     31.12.2021 01:23:42  ...                       564.00
...                   ...  ...                          ...
6700  04.01.2018 14:05:08  ...                      1065.90
6701  03.01.2018 15:03:35  ...                        73.06
6702  03.01.2018 14:55:21  ...                        21.00
6703  01.01.2018 20:27:51  ...                       316.00
6704  01.01.2018 12:49:53  ...                      3000.00

[6705 rows x 15 columns]
2026-06-01 15:09:04,122 - utils - data_frame_work - DEBUG - Делей раз - главный датафрейм курсового проекта -             Дата операции  ... Сумма операции с округлением
0     31.12.2021 16:44:00  ...                       160.89
1     31.12.2021 16:42:04  ...                        64.00
2     31.12.2021 16:39:04  ...                       118.12
3     31.12.2021 15:44:39  ...                        78.05
4     31.12.2021 01:23:42  ...                       564.00
...                   ...  ...                          ...
6700  04.01.2018 14:05:08  ...                      1065.90
6701  03.01.2018 15:03:35  ...                        73.06
6702  03.01.2018 14:55:21  ...                        21.00
6703  01.01.2018 20:27:51  ...                       316.00
6704  01.01.2018 12:49:53  ...                      3000.00

[6705 rows x 15 columns]
2026-06-01 15:13:19,684 - utils - data_frame_work - DEBUG - Делей раз - главный датафрейм курсового проекта -             Дата операции  ... Сумма операции с округлением
0     31.12.2021 16:44:00  ...                       160.89
1     31.12.2021 16:42:04  ...                        64.00
2     31.12.2021 16:39:04  ...                       118.12
3     31.12.2021 15:44:39  ...                        78.05
4     31.12.2021 01:23:42  ...                       564.00
...                   ...  ...                          ...
6700  04.01.2018 14:05:08  ...                      1065.90
6701  03.01.2018 15:03:35  ...                        73.06
6702  03.01.2018 14:55:21  ...                        21.00
6703  01.01.2018 20:27:51  ...                       316.00
6704  01.01.2018 12:49:53  ...                      3000.00

[6705 rows x 15 columns]
2026-06-01 15:17:07,476 - utils - data_frame_work - DEBUG - Делей раз - главный датафрейм курсового проекта -             Дата операции  ... Сумма операции с округлением
0     31.12.2021 16:44:00  ...                       160.89
1     31.12.2021 16:42:04  ...                        64.00
2     31.12.2021 16:39:04  ...                       118.12
3     31.12.2021 15:44:39  ...                        78.05
4     31.12.2021 01:23:42  ...                       564.00
...                   ...  ...                          ...
6700  04.01.2018 14:05:08  ...                      1065.90
6701  03.01.2018 15:03:35  ...                        73.06
6702  03.01.2018 14:55:21  ...                        21.00
6703  01.01.2018 20:27:51  ...                       316.00
6704  01.01.2018 12:49:53  ...                      3000.00

[6705 rows x 15 columns]
2026-06-01 15:22:34,471 - utils - data_frame_work - DEBUG - Делей раз - главный датафрейм курсового проекта -             Дата операции  ... Сумма операции с округлением
0     31.12.2021 16:44:00  ...                       160.89
1     31.12.2021 16:42:04  ...                        64.00
2     31.12.2021 16:39:04  ...                       118.12
3     31.12.2021 15:44:39  ...                        78.05
4     31.12.2021 01:23:42  ...                       564.00
...                   ...  ...                          ...
6700  04.01.2018 14:05:08  ...                      1065.90
6701  03.01.2018 15:03:35  ...                        73.06
6702  03.01.2018 14:55:21  ...                        21.00
6703  01.01.2018 20:27:51  ...                       316.00
6704  01.01.2018 12:49:53  ...                      3000.00

[6705 rows x 15 columns]
2026-06-01 15:23:49,381 - utils - data_frame_work - DEBUG - Делей раз - главный датафрейм курсового проекта -             Дата операции  ... Сумма операции с округлением
0     31.12.2021 16:44:00  ...                       160.89
1     31.12.2021 16:42:04  ...                        64.00
2     31.12.2021 16:39:04  ...                       118.12
3     31.12.2021 15:44:39  ...                        78.05
4     31.12.2021 01:23:42  ...                       564.00
...                   ...  ...                          ...
6700  04.01.2018 14:05:08  ...                      1065.90
6701  03.01.2018 15:03:35  ...                        73.06
6702  03.01.2018 14:55:21  ...                        21.00
6703  01.01.2018 20:27:51  ...                       316.00
6704  01.01.2018 12:49:53  ...                      3000.00

[6705 rows x 15 columns]
2026-06-01 15:26:20,141 - utils - data_frame_work - DEBUG - Делей раз - главный датафрейм курсового проекта -             Дата операции  ... Сумма операции с округлением
0     31.12.2021 16:44:00  ...                       160.89
1     31.12.2021 16:42:04  ...                        64.00
2     31.12.2021 16:39:04  ...                       118.12
3     31.12.2021 15:44:39  ...                        78.05
4     31.12.2021 01:23:42  ...                       564.00
...                   ...  ...                          ...
6700  04.01.2018 14:05:08  ...                      1065.90
6701  03.01.2018 15:03:35  ...                        73.06
6702  03.01.2018 14:55:21  ...                        21.00
6703  01.01.2018 20:27:51  ...                       316.00
6704  01.01.2018 12:49:53  ...                      3000.00

[6705 rows x 15 columns]
2026-06-01 15:38:23,521 - utils - data_frame_work - DEBUG - Делей раз - главный датафрейм курсового проекта -             Дата операции  ... Сумма операции с округлением
0     31.12.2021 16:44:00  ...                       160.89
1     31.12.2021 16:42:04  ...                        64.00
2     31.12.2021 16:39:04  ...                       118.12
3     31.12.2021 15:44:39  ...                        78.05
4     31.12.2021 01:23:42  ...                       564.00
...                   ...  ...                          ...
6700  04.01.2018 14:05:08  ...                      1065.90
6701  03.01.2018 15:03:35  ...                        73.06
6702  03.01.2018 14:55:21  ...                        21.00
6703  01.01.2018 20:27:51  ...                       316.00
6704  01.01.2018 12:49:53  ...                      3000.00

[6705 rows x 15 columns]
2026-06-01 15:39:17,022 - utils - data_frame_work - DEBUG - Делей раз - главный датафрейм курсового проекта -             Дата операции  ... Сумма операции с округлением
0     31.12.2021 16:44:00  ...                       160.89
1     31.12.2021 16:42:04  ...                        64.00
2     31.12.2021 16:39:04  ...                       118.12
3     31.12.2021 15:44:39  ...                        78.05
4     31.12.2021 01:23:42  ...                       564.00
...                   ...  ...                          ...
6700  04.01.2018 14:05:08  ...                      1065.90
6701  03.01.2018 15:03:35  ...                        73.06
6702  03.01.2018 14:55:21  ...                        21.00
6703  01.01.2018 20:27:51  ...                       316.00
6704  01.01.2018 12:49:53  ...                      3000.00

[6705 rows x 15 columns]
2026-06-01 15:39:41,814 - utils - data_frame_work - DEBUG - Делей раз - главный датафрейм курсового проекта -             Дата операции  ... Сумма операции с округлением
0     31.12.2021 16:44:00  ...                       160.89
1     31.12.2021 16:42:04  ...                        64.00
2     31.12.2021 16:39:04  ...                       118.12
3     31.12.2021 15:44:39  ...                        78.05
4     31.12.2021 01:23:42  ...                       564.00
...                   ...  ...                          ...
6700  04.01.2018 14:05:08  ...                      1065.90
6701  03.01.2018 15:03:35  ...                        73.06
6702  03.01.2018 14:55:21  ...                        21.00
6703  01.01.2018 20:27:51  ...                       316.00
6704  01.01.2018 12:49:53  ...                      3000.00

[6705 rows x 15 columns]
2026-06-01 15:41:00,854 - utils - data_frame_work - DEBUG - Делей раз - главный датафрейм курсового проекта -             Дата операции  ... Сумма операции с округлением
0     31.12.2021 16:44:00  ...                       160.89
1     31.12.2021 16:42:04  ...                        64.00
2     31.12.2021 16:39:04  ...                       118.12
3     31.12.2021 15:44:39  ...                        78.05
4     31.12.2021 01:23:42  ...                       564.00
...                   ...  ...                          ...
6700  04.01.2018 14:05:08  ...                      1065.90
6701  03.01.2018 15:03:35  ...                        73.06
6702  03.01.2018 14:55:21  ...                        21.00
6703  01.01.2018 20:27:51  ...                       316.00
6704  01.01.2018 12:49:53  ...                      3000.00

[6705 rows x 15 columns]
2026-06-01 15:41:22,762 - utils - data_frame_work - DEBUG - Делей раз - главный датафрейм курсового проекта -             Дата операции  ... Сумма операции с округлением
0     31.12.2021 16:44:00  ...                       160.89
1     31.12.2021 16:42:04  ...                        64.00
2     31.12.2021 16:39:04  ...                       118.12
3     31.12.2021 15:44:39  ...                        78.05
4     31.12.2021 01:23:42  ...                       564.00
...                   ...  ...                          ...
6700  04.01.2018 14:05:08  ...                      1065.90
6701  03.01.2018 15:03:35  ...                        73.06
6702  03.01.2018 14:55:21  ...                        21.00
6703  01.01.2018 20:27:51  ...                       316.00
6704  01.01.2018 12:49:53  ...                      3000.00

[6705 rows x 15 columns]
2026-06-01 15:48:40,272 - utils - data_frame_work - DEBUG - Делей раз - главный датафрейм курсового проекта -             Дата операции  ... Сумма операции с округлением
0     31.12.2021 16:44:00  ...                       160.89
1     31.12.2021 16:42:04  ...                        64.00
2     31.12.2021 16:39:04  ...                       118.12
3     31.12.2021 15:44:39  ...                        78.05
4     31.12.2021 01:23:42  ...                       564.00
...                   ...  ...                          ...
6700  04.01.2018 14:05:08  ...                      1065.90
6701  03.01.2018 15:03:35  ...                        73.06
6702  03.01.2018 14:55:21  ...                        21.00
6703  01.01.2018 20:27:51  ...                       316.00
6704  01.01.2018 12:49:53  ...                      3000.00

[6705 rows x 15 columns]
2026-06-01 15:56:35,597 - utils - data_frame_work - DEBUG - Делей раз - главный датафрейм курсового проекта -             Дата операции  ... Сумма операции с округлением
0     31.12.2021 16:44:00  ...                       160.89
1     31.12.2021 16:42:04  ...                        64.00
2     31.12.2021 16:39:04  ...                       118.12
3     31.12.2021 15:44:39  ...                        78.05
4     31.12.2021 01:23:42  ...                       564.00
...                   ...  ...                          ...
6700  04.01.2018 14:05:08  ...                      1065.90
6701  03.01.2018 15:03:35  ...                        73.06
6702  03.01.2018 14:55:21  ...                        21.00
6703  01.01.2018 20:27:51  ...                       316.00
6704  01.01.2018 12:49:53  ...                      3000.00

[6705 rows x 15 columns]
2026-06-01 16:06:07,531 - utils - data_frame_work - DEBUG - Делей раз - главный датафрейм курсового проекта -             Дата операции  ... Сумма операции с округлением
0     31.12.2021 16:44:00  ...                       160.89
1     31.12.2021 16:42:04  ...                        64.00
2     31.12.2021 16:39:04  ...                       118.12
3     31.12.2021 15:44:39  ...                        78.05
4     31.12.2021 01:23:42  ...                       564.00
...                   ...  ...                          ...
6700  04.01.2018 14:05:08  ...                      1065.90
6701  03.01.2018 15:03:35  ...                        73.06
6702  03.01.2018 14:55:21  ...                        21.00
6703  01.01.2018 20:27:51  ...                       316.00
6704  01.01.2018 12:49:53  ...                      3000.00

[6705 rows x 15 columns]
2026-06-01 16:12:37,169 - utils - data_frame_work - DEBUG - Делей раз - главный датафрейм курсового проекта -             Дата операции  ... Сумма операции с округлением
0     31.12.2021 16:44:00  ...                       160.89
1     31.12.2021 16:42:04  ...                        64.00
2     31.12.2021 16:39:04  ...                       118.12
3     31.12.2021 15:44:39  ...                        78.05
4     31.12.2021 01:23:42  ...                       564.00
...                   ...  ...                          ...
6700  04.01.2018 14:05:08  ...                      1065.90
6701  03.01.2018 15:03:35  ...                        73.06
6702  03.01.2018 14:55:21  ...                        21.00
6703  01.01.2018 20:27:51  ...                       316.00
6704  01.01.2018 12:49:53  ...                      3000.00

[6705 rows x 15 columns]
2026-06-01 16:18:18,579 - utils - data_frame_work - DEBUG - Делей раз - главный датафрейм курсового проекта -             Дата операции  ... Сумма операции с округлением
0     31.12.2021 16:44:00  ...                       160.89
1     31.12.2021 16:42:04  ...                        64.00
2     31.12.2021 16:39:04  ...                       118.12
3     31.12.2021 15:44:39  ...                        78.05
4     31.12.2021 01:23:42  ...                       564.00
...                   ...  ...                          ...
6700  04.01.2018 14:05:08  ...                      1065.90
6701  03.01.2018 15:03:35  ...                        73.06
6702  03.01.2018 14:55:21  ...                        21.00
6703  01.01.2018 20:27:51  ...                       316.00
6704  01.01.2018 12:49:53  ...                      3000.00

[6705 rows x 15 columns]
2026-06-01 16:19:30,899 - utils - data_frame_work - DEBUG - Делей раз - главный датафрейм курсового проекта -             Дата операции  ... Сумма операции с округлением
0     31.12.2021 16:44:00  ...                       160.89
1     31.12.2021 16:42:04  ...                        64.00
2     31.12.2021 16:39:04  ...                       118.12
3     31.12.2021 15:44:39  ...                        78.05
4     31.12.2021 01:23:42  ...                       564.00
...                   ...  ...                          ...
6700  04.01.2018 14:05:08  ...                      1065.90
6701  03.01.2018 15:03:35  ...                        73.06
6702  03.01.2018 14:55:21  ...                        21.00
6703  01.01.2018 20:27:51  ...                       316.00
6704  01.01.2018 12:49:53  ...                      3000.00

[6705 rows x 15 columns]
2026-06-01 16:21:01,816 - utils - data_frame_work - DEBUG - Делей раз - главный датафрейм курсового проекта -             Дата операции  ... Сумма операции с округлением
0     31.12.2021 16:44:00  ...                       160.89
1     31.12.2021 16:42:04  ...                        64.00
2     31.12.2021 16:39:04  ...                       118.12
3     31.12.2021 15:44:39  ...                        78.05
4     31.12.2021 01:23:42  ...                       564.00
...                   ...  ...                          ...
6700  04.01.2018 14:05:08  ...                      1065.90
6701  03.01.2018 15:03:35  ...                        73.06
6702  03.01.2018 14:55:21  ...                        21.00
6703  01.01.2018 20:27:51  ...                       316.00
6704  01.01.2018 12:49:53  ...                      3000.00

[6705 rows x 15 columns]
2026-06-01 16:22:19,688 - utils - data_frame_work - DEBUG - Делей раз - главный датафрейм курсового проекта -             Дата операции  ... Сумма операции с округлением
0     31.12.2021 16:44:00  ...                       160.89
1     31.12.2021 16:42:04  ...                        64.00
2     31.12.2021 16:39:04  ...                       118.12
3     31.12.2021 15:44:39  ...                        78.05
4     31.12.2021 01:23:42  ...                       564.00
...                   ...  ...                          ...
6700  04.01.2018 14:05:08  ...                      1065.90
6701  03.01.2018 15:03:35  ...                        73.06
6702  03.01.2018 14:55:21  ...                        21.00
6703  01.01.2018 20:27:51  ...                       316.00
6704  01.01.2018 12:49:53  ...                      3000.00

[6705 rows x 15 columns]
2026-06-01 16:23:23,747 - utils - data_frame_work - DEBUG - Делей раз - главный датафрейм курсового проекта -             Дата операции  ... Сумма операции с округлением
0     31.12.2021 16:44:00  ...                       160.89
1     31.12.2021 16:42:04  ...                        64.00
2     31.12.2021 16:39:04  ...                       118.12
3     31.12.2021 15:44:39  ...                        78.05
4     31.12.2021 01:23:42  ...                       564.00
...                   ...  ...                          ...
6700  04.01.2018 14:05:08  ...                      1065.90
6701  03.01.2018 15:03:35  ...                        73.06
6702  03.01.2018 14:55:21  ...                        21.00
6703  01.01.2018 20:27:51  ...                       316.00
6704  01.01.2018 12:49:53  ...                      3000.00

[6705 rows x 15 columns]
2026-06-01 16:24:38,796 - utils - data_frame_work - DEBUG - Делей раз - главный датафрейм курсового проекта -             Дата операции  ... Сумма операции с округлением
0     31.12.2021 16:44:00  ...                       160.89
1     31.12.2021 16:42:04  ...                        64.00
2     31.12.2021 16:39:04  ...                       118.12
3     31.12.2021 15:44:39  ...                        78.05
4     31.12.2021 01:23:42  ...                       564.00
...                   ...  ...                          ...
6700  04.01.2018 14:05:08  ...                      1065.90
6701  03.01.2018 15:03:35  ...                        73.06
6702  03.01.2018 14:55:21  ...                        21.00
6703  01.01.2018 20:27:51  ...                       316.00
6704  01.01.2018 12:49:53  ...                      3000.00

[6705 rows x 15 columns]
2026-06-01 16:25:27,597 - utils - data_frame_work - DEBUG - Делей раз - главный датафрейм курсового проекта -             Дата операции  ... Сумма операции с округлением
0     31.12.2021 16:44:00  ...                       160.89
1     31.12.2021 16:42:04  ...                        64.00
2     31.12.2021 16:39:04  ...                       118.12
3     31.12.2021 15:44:39  ...                        78.05
4     31.12.2021 01:23:42  ...                       564.00
...                   ...  ...                          ...
6700  04.01.2018 14:05:08  ...                      1065.90
6701  03.01.2018 15:03:35  ...                        73.06
6702  03.01.2018 14:55:21  ...                        21.00
6703  01.01.2018 20:27:51  ...                       316.00
6704  01.01.2018 12:49:53  ...                      3000.00

[6705 rows x 15 columns]
2026-06-01 16:29:13,816 - utils - data_frame_work - DEBUG - Делей раз - главный датафрейм курсового проекта -             Дата операции  ... Сумма операции с округлением
0     31.12.2021 16:44:00  ...                       160.89
1     31.12.2021 16:42:04  ...                        64.00
2     31.12.2021 16:39:04  ...                       118.12
3     31.12.2021 15:44:39  ...                        78.05
4     31.12.2021 01:23:42  ...                       564.00
...                   ...  ...                          ...
6700  04.01.2018 14:05:08  ...                      1065.90
6701  03.01.2018 15:03:35  ...                        73.06
6702  03.01.2018 14:55:21  ...                        21.00
6703  01.01.2018 20:27:51  ...                       316.00
6704  01.01.2018 12:49:53  ...                      3000.00

[6705 rows x 15 columns]
